load("@com_github_benchsci_rules_nodejs_gazelle//:defs.bzl", "web_assets")

web_assets(
    name = "style_css",
    srcs = ["style.css"],
)
