load("@aspect_rules_js//js:defs.bzl", "js_library")
load("@aspect_rules_ts//ts:defs.bzl", "ts_project")

# gazelle:js_collect_all
# gazelle:js_collect_targets next_pages

ts_project(
    name = "pages",
    srcs = [
        "404.ts",
        "index.ts",
    ],
)

js_library(
    name = "next_pages",
    deps = [
        ":pages",
        "//src/pages/my_page",
    ],
)
