load("@aspect_rules_ts//ts:defs.bzl", "ts_project")

ts_project(
    name = "nested_module",
    srcs = [
        "index.ts",
        "module_file.ts",
    ],
    tags = ["js_barrel"],
)
