load("@aspect_rules_ts//ts:defs.bzl", "ts_project")

ts_project(
    name = "my_page",
    srcs = [
        "index.ts",
        "module_file.ts",
        "subpage/index.ts",
    ],
)
