load("@aspect_rules_ts//ts:defs.bzl", "ts_project")

# gazelle:js_root

ts_project(
    name = "index",
    srcs = ["index.ts"],
    deps = ["//my_module:index"],
)
