load("@aspect_rules_js//js:defs.bzl", "js_library")
load("@aspect_rules_ts//ts:defs.bzl", "ts_project")

# gazelle:js_root
# gazelle:js_jest_config :jest.config
# gazelle:js_quiet

ts_project(
    name = "index",
    srcs = ["index.ts"],
    deps = ["//my_module"],
)

ts_project(
    name = "some_other_file",
    srcs = ["some_other_file.ts"],
)

js_library(
    name = "jest.config",
    srcs = ["jest.config.js"],
)