load("@aspect_rules_ts//ts:defs.bzl", "ts_project")

# gazelle:js_root
# gazelle:js_import_alias foo module

ts_project(
    name = "a",
    srcs = ["a.ts"],
    deps = ["//module:b"],
)
