load("@aspect_rules_ts//ts:defs.bzl", "ts_project")

# gazelle:js_collect_barrels

ts_project(
    name = "SomeOtherFile",
    srcs = [
        "SomeOtherFile.ts",
        "index.ts",
    ],
    tags = ["js_barrel"],
)
