load("@aspect_rules_ts//ts:defs.bzl", "ts_project")

ts_project(
    name = "c",
    srcs = ["c.ts"],
    data = ["//:node_modules/react"],
    deps = [
        "//:node_modules/@types/react",
        "//:node_modules/react",
    ],
)
