load("@aspect_rules_ts//ts:defs.bzl", "ts_project")

# gazelle:js_fix

ts_project(
    name = "a",
    srcs = ["a.ts"],
)
