load("@aspect_rules_js//js:defs.bzl", "js_library")

# gazelle:js_root
# gazelle:js_web_asset json
# gazelle:js_package_file package.json :node_modules

js_library(
    name = "a",
    srcs = ["a.jsx"],
    data = [
        "//:node_modules/lodash",
        "//:node_modules/react",
    ],
    deps = [
        ":b",
        "//:node_modules/lodash",
        "//:node_modules/react",
    ],
)

js_library(
    name = "b",
    srcs = ["b.js"],
)

js_library(
    name = "package_json",
    srcs = ["package.json"],
)
