load("@com_github_benchsci_rules_nodejs_gazelle//:defs.bzl", "web_assets")

# gazelle:js_root
# gazelle:js_web_asset json,css,scss
# gazelle:js_collect_web_assets
# gazelle:js_collect_all_assets

web_assets(
    name = "assets",
    srcs = [
        "data.json",
        "style.css",
    ],
)

web_assets(
    name = "all_assets",
    srcs = [
        "//:assets",
        "//a:assets",
        "//b:assets",
    ],
)
