load("@aspect_rules_js//js:defs.bzl", "js_library")

# gazelle:js_collect_all
# gazelle:js_collect_targets next_pages2

js_library(
    name = "next_pages2",
    deps = ["//src/pages2/my_page"],
)
