// Jest Snapshot v1, https://goo.gl/fbAQLP

exports[`snapshot works 1`] = `
<DocumentFragment>
  <div
    class="container"
  >
    <main
      class="main"
    >
      <h1
        class="title"
      >
        Welcome to 
        <a
          href="https://nextjs.org"
        >
          Next.js!
        </a>
      </h1>
      <p
        class="description"
      >
        Get started by editing 
        <code
          class="code"
        >
          pages/index.tsx
        </code>
      </p>
      <div
        class="grid"
      >
        <p>
          I am One, not Two! Am I odd? true. Is even? false
        </p>
        <a
          class="card"
          href="https://nextjs.org/docs"
        >
          <h2>
            Documentation →
          </h2>
          <p>
            Find in-depth information about Next.js features and API.
          </p>
        </a>
        <a
          class="card"
          href="https://nextjs.org/learn"
        >
          <h2>
            Learn →
          </h2>
          <p>
            Learn about Next.js in an interactive course with quizzes!
          </p>
        </a>
        <a
          class="card"
          href="https://github.com/vercel/next.js/tree/canary/examples"
        >
          <h2>
            Examples →
          </h2>
          <p>
            Discover and deploy boilerplate example Next.js projects.
          </p>
        </a>
        <a
          class="card"
          href="https://vercel.com/new?utm_source=create-next-app&utm_medium=default-template&utm_campaign=create-next-app"
        >
          <h2>
            Deploy →
          </h2>
          <p>
            Instantly deploy your Next.js site to a public URL with Vercel.
          </p>
        </a>
      </div>
    </main>
    <footer
      class="footer"
    >
      <a
        href="https://vercel.com?utm_source=create-next-app&utm_medium=default-template&utm_campaign=create-next-app"
        rel="noopener noreferrer"
        target="_blank"
      >
        Powered by 
        <span
          class="logo"
        >
          <img
            alt="Vercel Logo"
            data-nimg="1"
            decoding="async"
            height="16"
            loading="lazy"
            src="/vercel.svg"
            srcset="/vercel.svg 1x, /vercel.svg 2x"
            style="color: transparent;"
            width="72"
          />
        </span>
      </a>
    </footer>
  </div>
</DocumentFragment>
`;
