load("@aspect_rules_ts//ts:defs.bzl", "ts_project")

# gazelle:js_root
# gazelle:js_collect_barrels

ts_project(
    name = "index",
    srcs = ["index.ts"],
    deps = ["//SomeOtherFile"],
)
